[1/6] static pass           /home/logic/win/quarantine/corpus/probe-custom-generate
      picklescan: scanned=1 clean=True | fickling: scanned=1 clean=True
      static capabilities: {'network': 1}
[2/6] behavioural pass       executing, network off
      container rc=0  events=6
        id=  1 compile: <code object>
        id=  2 exec: <code object>
        id=  3 import: urllib
        id=  4 import: socket
        id=  5 file.read: /etc/hostname
        id=  6 socket.getaddrinfo: 5be0ec9b224d.probe.invalid
[3/6] semantic pass          local open-weight model
      reachable=True grounded=True verdict=BLOCK in 11.33s
      mechanism: The shipped code contains an undeclared sync step at import time, which reads a file outside the artifact and 
[4/6] repair pass            local open-weight model
      generated=True ok=True forbidden=[] in 5.85s
[5/6] equivalence proof
      equivalent=True (['HELLO WORLD', 'QUARANTINE PROBE 123', 'A'] vs ['HELLO WORLD', 'QUARANTINE PROBE 123', 'A'])
[6/6] sign receipt
      new keypair -> /home/logic/win/quarantine/runs/probe/keys/quarantine.pub.pem
      signed and verified: True  keyid=03a3e949e4b0cf83

=== Quarantine verdict ===
  artifact          probe-custom-generate
  incumbents        picklescan clean=True fickling clean=True (custom Python scanned: no)
  behavioural trace 6 events, network=none
  verdict           BLOCK  (grounded=True)
  repair            ok=True equivalent=True
  receipt           /home/logic/win/quarantine/runs/probe/receipt.json  verified=True
